
------------------------------
🛑 작업이 이미 실행 중입니다.
🕒 2025-05-25 04:00:01 - 작업 시작
📥 라띠 상품 수집 시작~
📥 운영용 ZIP 다운로드 중...
🔍 응답 상태 코드: 200
🔍 응답 헤더: {'Content-Type': 'application/x-zip-compressed', 'Last-Modified': 'Fri, 23 May 2025 21:02:25 GMT', 'Accept-Ranges': 'bytes', 'ETag': '"a74125fc25ccdb1:0"', 'Server': 'Microsoft-IIS/8.5', 'X-Powered-By': 'ASP.NET', 'X-Powered-By-Plesk': 'PleskWin', 'Date': 'Sat, 24 May 2025 19:00:02 GMT', 'Content-Length': '171'}
✅ 최적화 저장 완료: 상품 0건
🛠️ 원본 → 가공상품 전환 시작~
✅ [IT-R-01] 전송 완료 - 성공: 4080개 / 실패: 1388개
✅ 작업 완료~
✅ 2025-05-25 04:04:12 - 작업 완료
------------------------------
🛑 작업이 이미 실행 중입니다.
🕒 2025-05-25 08:00:01 - 작업 시작
📥 라띠 상품 수집 시작~
📥 운영용 ZIP 다운로드 중...
🔍 응답 상태 코드: 200
🔍 응답 헤더: {'Content-Type': 'application/x-zip-compressed', 'Last-Modified': 'Sat, 24 May 2025 21:03:06 GMT', 'Accept-Ranges': 'bytes', 'ETag': '"9512d83eefccdb1:0"', 'Server': 'Microsoft-IIS/8.5', 'X-Powered-By': 'ASP.NET', 'X-Powered-By-Plesk': 'PleskWin', 'Date': 'Sat, 24 May 2025 23:00:02 GMT', 'Content-Length': '916901'}
✅ 최적화 저장 완료: 상품 5276건
🛠️ 원본 → 가공상품 전환 시작~
✅ [IT-R-01] 전송 완료 - 성공: 4023개 / 실패: 1465개
✅ 작업 완료~
✅ 2025-05-25 08:04:57 - 작업 완료
------------------------------
🛑 작업이 이미 실행 중입니다.
🕒 2025-05-25 12:00:01 - 작업 시작
📥 라띠 상품 수집 시작~
📥 운영용 ZIP 다운로드 중...
🔍 응답 상태 코드: 200
🔍 응답 헤더: {'Content-Type': 'application/x-zip-compressed', 'Last-Modified': 'Sat, 24 May 2025 21:03:06 GMT', 'Accept-Ranges': 'bytes', 'ETag': '"9512d83eefccdb1:0"', 'Server': 'Microsoft-IIS/8.5', 'X-Powered-By': 'ASP.NET', 'X-Powered-By-Plesk': 'PleskWin', 'Date': 'Sun, 25 May 2025 03:00:04 GMT', 'Content-Length': '916901'}
✅ 최적화 저장 완료: 상품 5276건
🛠️ 원본 → 가공상품 전환 시작~
✅ [IT-R-01] 전송 완료 - 성공: 4023개 / 실패: 1465개
✅ 작업 완료~
✅ 2025-05-25 12:05:03 - 작업 완료
------------------------------
🛑 작업이 이미 실행 중입니다.
🕒 2025-05-25 16:00:01 - 작업 시작
📥 라띠 상품 수집 시작~
📥 운영용 ZIP 다운로드 중...
🔍 응답 상태 코드: 200
🔍 응답 헤더: {'Content-Type': 'application/x-zip-compressed', 'Last-Modified': 'Sat, 24 May 2025 21:03:06 GMT', 'Accept-Ranges': 'bytes', 'ETag': '"9512d83eefccdb1:0"', 'Server': 'Microsoft-IIS/8.5', 'X-Powered-By': 'ASP.NET', 'X-Powered-By-Plesk': 'PleskWin', 'Date': 'Sun, 25 May 2025 07:00:02 GMT', 'Content-Length': '916901'}
✅ 최적화 저장 완료: 상품 5276건
🛠️ 원본 → 가공상품 전환 시작~
✅ [IT-R-01] 전송 완료 - 성공: 4023개 / 실패: 1465개
✅ 작업 완료~
✅ 2025-05-25 16:05:02 - 작업 완료
------------------------------
🛑 작업이 이미 실행 중입니다.
🕒 2025-05-25 20:00:01 - 작업 시작
📥 라띠 상품 수집 시작~
📥 운영용 ZIP 다운로드 중...
🔍 응답 상태 코드: 200
🔍 응답 헤더: {'Content-Type': 'application/x-zip-compressed', 'Last-Modified': 'Sat, 24 May 2025 21:03:06 GMT', 'Accept-Ranges': 'bytes', 'ETag': '"9512d83eefccdb1:0"', 'Server': 'Microsoft-IIS/8.5', 'X-Powered-By': 'ASP.NET', 'X-Powered-By-Plesk': 'PleskWin', 'Date': 'Sun, 25 May 2025 11:00:02 GMT', 'Content-Length': '916901'}
✅ 최적화 저장 완료: 상품 5276건
🛠️ 원본 → 가공상품 전환 시작~
✅ [IT-R-01] 전송 완료 - 성공: 4023개 / 실패: 1465개
✅ 작업 완료~
✅ 2025-05-25 20:04:59 - 작업 완료
------------------------------
🛑 작업이 이미 실행 중입니다.
🕒 2025-05-26 00:00:01 - 작업 시작
📥 라띠 상품 수집 시작~
📥 운영용 ZIP 다운로드 중...
🔍 응답 상태 코드: 200
🔍 응답 헤더: {'Content-Type': 'application/x-zip-compressed', 'Last-Modified': 'Sat, 24 May 2025 21:03:06 GMT', 'Accept-Ranges': 'bytes', 'ETag': '"9512d83eefccdb1:0"', 'Server': 'Microsoft-IIS/8.5', 'X-Powered-By': 'ASP.NET', 'X-Powered-By-Plesk': 'PleskWin', 'Date': 'Sun, 25 May 2025 15:00:02 GMT', 'Content-Length': '916901'}
✅ 최적화 저장 완료: 상품 5276건
🛠️ 원본 → 가공상품 전환 시작~
✅ [IT-R-01] 전송 완료 - 성공: 4023개 / 실패: 1465개
✅ 작업 완료~
✅ 2025-05-26 00:05:01 - 작업 완료
------------------------------
🛑 작업이 이미 실행 중입니다.
🕒 2025-05-26 04:00:01 - 작업 시작
📥 라띠 상품 수집 시작~
📥 운영용 ZIP 다운로드 중...
🔍 응답 상태 코드: 200
🔍 응답 헤더: {'Content-Type': 'application/x-zip-compressed', 'Last-Modified': 'Sat, 24 May 2025 21:03:06 GMT', 'Accept-Ranges': 'bytes', 'ETag': '"9512d83eefccdb1:0"', 'Server': 'Microsoft-IIS/8.5', 'X-Powered-By': 'ASP.NET', 'X-Powered-By-Plesk': 'PleskWin', 'Date': 'Sun, 25 May 2025 19:00:02 GMT', 'Content-Length': '916901'}
✅ 최적화 저장 완료: 상품 5276건
🛠️ 원본 → 가공상품 전환 시작~
✅ [IT-R-01] 전송 완료 - 성공: 4023개 / 실패: 1465개
✅ 작업 완료~
✅ 2025-05-26 04:05:02 - 작업 완료
------------------------------
🛑 작업이 이미 실행 중입니다.
🕒 2025-05-26 08:00:01 - 작업 시작
📥 라띠 상품 수집 시작~
📥 운영용 ZIP 다운로드 중...
🔍 응답 상태 코드: 200
🔍 응답 헤더: {'Content-Type': 'application/x-zip-compressed', 'Last-Modified': 'Sun, 25 May 2025 21:02:30 GMT', 'Accept-Ranges': 'bytes', 'ETag': '"8b8e1354b8cddb1:0"', 'Server': 'Microsoft-IIS/8.5', 'X-Powered-By': 'ASP.NET', 'X-Powered-By-Plesk': 'PleskWin', 'Date': 'Sun, 25 May 2025 23:00:02 GMT', 'Content-Length': '913599'}
✅ 최적화 저장 완료: 상품 5261건
🛠️ 원본 → 가공상품 전환 시작~
✅ [IT-R-01] 전송 완료 - 성공: 4014개 / 실패: 1474개
✅ 작업 완료~
✅ 2025-05-26 08:05:04 - 작업 완료
------------------------------
🛑 작업이 이미 실행 중입니다.
🕒 2025-05-30 16:00:01 - 작업 시작
📥 라띠 상품 수집 + 등록 시작
📥 운영용 ZIP 다운로드 중...
🔍 응답 상태 코드: 200
🔍 응답 헤더: {'Content-Type': 'application/x-zip-compressed', 'Last-Modified': 'Thu, 29 May 2025 21:04:13 GMT', 'Accept-Ranges': 'bytes', 'ETag': '"4427153bddd0db1:0"', 'Server': 'Microsoft-IIS/8.5', 'X-Powered-By': 'ASP.NET', 'X-Powered-By-Plesk': 'PleskWin', 'Date': 'Fri, 30 May 2025 07:00:03 GMT', 'Content-Length': '1080094'}
✅ 최적화 저장 완료: 상품 6320건
✅ [IT-R-01] 전송 완료 - 성공: 4221개 / 실패: 2460개
✅ 완료: 수집 6320개 / 등록 4221개
✅ 2025-05-30 16:05:16 - 작업 완료
------------------------------
🛑 작업이 이미 실행 중입니다.
🕒 2025-05-30 20:00:01 - 작업 시작
📥 라띠 상품 수집 + 등록 시작
📥 운영용 ZIP 다운로드 중...
🔍 응답 상태 코드: 200
🔍 응답 헤더: {'Content-Type': 'application/x-zip-compressed', 'Last-Modified': 'Thu, 29 May 2025 21:04:13 GMT', 'Accept-Ranges': 'bytes', 'ETag': '"4427153bddd0db1:0"', 'Server': 'Microsoft-IIS/8.5', 'X-Powered-By': 'ASP.NET', 'X-Powered-By-Plesk': 'PleskWin', 'Date': 'Fri, 30 May 2025 11:00:03 GMT', 'Content-Length': '1080094'}
✅ 최적화 저장 완료: 상품 6320건
✅ [IT-R-01] 전송 완료 - 성공: 4221개 / 실패: 2460개
✅ 완료: 수집 6320개 / 등록 4221개
✅ 2025-05-30 20:05:22 - 작업 완료
------------------------------
🛑 작업이 이미 실행 중입니다.
